  Determining projects to restore...
  All projects are up-to-date for restore.
C:\UE_PROJECTS\Sdet-Task\UnitTest1.cs(506,32): error CS1061: 'AltObject' does not contain a definition for 'worldPosition' and no accessible extension method 'worldPosition' accepting a first argument of type 'AltObject' could be found (are you missing a using directive or an assembly reference?) [C:\UE_PROJECTS\Sdet-Task\Sdet-Task.csproj]
C:\UE_PROJECTS\Sdet-Task\UnitTest1.cs(507,32): error CS1061: 'AltObject' does not contain a definition for 'worldPosition' and no accessible extension method 'worldPosition' accepting a first argument of type 'AltObject' could be found (are you missing a using directive or an assembly reference?) [C:\UE_PROJECTS\Sdet-Task\Sdet-Task.csproj]
C:\UE_PROJECTS\Sdet-Task\UnitTest1.cs(526,20): error CS1061: 'AltObject' does not contain a definition for 'CallMethod' and no accessible extension method 'CallMethod' accepting a first argument of type 'AltObject' could be found (are you missing a using directive or an assembly reference?) [C:\UE_PROJECTS\Sdet-Task\Sdet-Task.csproj]
C:\UE_PROJECTS\Sdet-Task\UnitTest1.cs(566,75): error CS1061: 'AltObject' does not contain a definition for 'worldPosition' and no accessible extension method 'worldPosition' accepting a first argument of type 'AltObject' could be found (are you missing a using directive or an assembly reference?) [C:\UE_PROJECTS\Sdet-Task\Sdet-Task.csproj]
C:\UE_PROJECTS\Sdet-Task\UnitTest1.cs(30,9): warning NUnit1033: The Write methods are wrappers on TestContext.Out (https://github.com/nunit/nunit.analyzers/tree/master/documentation/NUnit1033.md) [C:\UE_PROJECTS\Sdet-Task\Sdet-Task.csproj]
C:\UE_PROJECTS\Sdet-Task\UnitTest1.cs(42,9): warning NUnit1033: The Write methods are wrappers on TestContext.Out (https://github.com/nunit/nunit.analyzers/tree/master/documentation/NUnit1033.md) [C:\UE_PROJECTS\Sdet-Task\Sdet-Task.csproj]
C:\UE_PROJECTS\Sdet-Task\UnitTest1.cs(48,9): warning NUnit1033: The Write methods are wrappers on TestContext.Out (https://github.com/nunit/nunit.analyzers/tree/master/documentation/NUnit1033.md) [C:\UE_PROJECTS\Sdet-Task\Sdet-Task.csproj]
C:\UE_PROJECTS\Sdet-Task\UnitTest1.cs(52,9): warning NUnit1033: The Write methods are wrappers on TestContext.Out (https://github.com/nunit/nunit.analyzers/tree/master/documentation/NUnit1033.md) [C:\UE_PROJECTS\Sdet-Task\Sdet-Task.csproj]
C:\UE_PROJECTS\Sdet-Task\UnitTest1.cs(23,9): warning NUnit1033: The Write methods are wrappers on TestContext.Out (https://github.com/nunit/nunit.analyzers/tree/master/documentation/NUnit1033.md) [C:\UE_PROJECTS\Sdet-Task\Sdet-Task.csproj]
C:\UE_PROJECTS\Sdet-Task\UnitTest1.cs(66,9): warning NUnit1033: The Write methods are wrappers on TestContext.Out (https://github.com/nunit/nunit.analyzers/tree/master/documentation/NUnit1033.md) [C:\UE_PROJECTS\Sdet-Task\Sdet-Task.csproj]
C:\UE_PROJECTS\Sdet-Task\UnitTest1.cs(72,9): warning NUnit1033: The Write methods are wrappers on TestContext.Out (https://github.com/nunit/nunit.analyzers/tree/master/documentation/NUnit1033.md) [C:\UE_PROJECTS\Sdet-Task\Sdet-Task.csproj]
C:\UE_PROJECTS\Sdet-Task\UnitTest1.cs(77,9): warning NUnit1033: The Write methods are wrappers on TestContext.Out (https://github.com/nunit/nunit.analyzers/tree/master/documentation/NUnit1033.md) [C:\UE_PROJECTS\Sdet-Task\Sdet-Task.csproj]
C:\UE_PROJECTS\Sdet-Task\UnitTest1.cs(91,9): warning NUnit1033: The Write methods are wrappers on TestContext.Out (https://github.com/nunit/nunit.analyzers/tree/master/documentation/NUnit1033.md) [C:\UE_PROJECTS\Sdet-Task\Sdet-Task.csproj]
C:\UE_PROJECTS\Sdet-Task\UnitTest1.cs(101,9): warning NUnit1033: The Write methods are wrappers on TestContext.Out (https://github.com/nunit/nunit.analyzers/tree/master/documentation/NUnit1033.md) [C:\UE_PROJECTS\Sdet-Task\Sdet-Task.csproj]
C:\UE_PROJECTS\Sdet-Task\UnitTest1.cs(106,9): warning NUnit1033: The Write methods are wrappers on TestContext.Out (https://github.com/nunit/nunit.analyzers/tree/master/documentation/NUnit1033.md) [C:\UE_PROJECTS\Sdet-Task\Sdet-Task.csproj]
C:\UE_PROJECTS\Sdet-Task\UnitTest1.cs(111,9): warning NUnit1033: The Write methods are wrappers on TestContext.Out (https://github.com/nunit/nunit.analyzers/tree/master/documentation/NUnit1033.md) [C:\UE_PROJECTS\Sdet-Task\Sdet-Task.csproj]
C:\UE_PROJECTS\Sdet-Task\UnitTest1.cs(120,9): warning NUnit1033: The Write methods are wrappers on TestContext.Out (https://github.com/nunit/nunit.analyzers/tree/master/documentation/NUnit1033.md) [C:\UE_PROJECTS\Sdet-Task\Sdet-Task.csproj]
C:\UE_PROJECTS\Sdet-Task\UnitTest1.cs(135,9): warning NUnit1033: The Write methods are wrappers on TestContext.Out (https://github.com/nunit/nunit.analyzers/tree/master/documentation/NUnit1033.md) [C:\UE_PROJECTS\Sdet-Task\Sdet-Task.csproj]
C:\UE_PROJECTS\Sdet-Task\UnitTest1.cs(142,9): warning NUnit1033: The Write methods are wrappers on TestContext.Out (https://github.com/nunit/nunit.analyzers/tree/master/documentation/NUnit1033.md) [C:\UE_PROJECTS\Sdet-Task\Sdet-Task.csproj]
C:\UE_PROJECTS\Sdet-Task\UnitTest1.cs(147,9): warning NUnit1033: The Write methods are wrappers on TestContext.Out (https://github.com/nunit/nunit.analyzers/tree/master/documentation/NUnit1033.md) [C:\UE_PROJECTS\Sdet-Task\Sdet-Task.csproj]
C:\UE_PROJECTS\Sdet-Task\UnitTest1.cs(160,9): warning NUnit1033: The Write methods are wrappers on TestContext.Out (https://github.com/nunit/nunit.analyzers/tree/master/documentation/NUnit1033.md) [C:\UE_PROJECTS\Sdet-Task\Sdet-Task.csproj]
C:\UE_PROJECTS\Sdet-Task\UnitTest1.cs(166,9): warning NUnit1033: The Write methods are wrappers on TestContext.Out (https://github.com/nunit/nunit.analyzers/tree/master/documentation/NUnit1033.md) [C:\UE_PROJECTS\Sdet-Task\Sdet-Task.csproj]
C:\UE_PROJECTS\Sdet-Task\UnitTest1.cs(172,9): warning NUnit1033: The Write methods are wrappers on TestContext.Out (https://github.com/nunit/nunit.analyzers/tree/master/documentation/NUnit1033.md) [C:\UE_PROJECTS\Sdet-Task\Sdet-Task.csproj]
C:\UE_PROJECTS\Sdet-Task\UnitTest1.cs(177,9): warning NUnit1033: The Write methods are wrappers on TestContext.Out (https://github.com/nunit/nunit.analyzers/tree/master/documentation/NUnit1033.md) [C:\UE_PROJECTS\Sdet-Task\Sdet-Task.csproj]
C:\UE_PROJECTS\Sdet-Task\UnitTest1.cs(182,13): warning NUnit1033: The Write methods are wrappers on TestContext.Out (https://github.com/nunit/nunit.analyzers/tree/master/documentation/NUnit1033.md) [C:\UE_PROJECTS\Sdet-Task\Sdet-Task.csproj]
C:\UE_PROJECTS\Sdet-Task\UnitTest1.cs(190,21): warning NUnit1033: The Write methods are wrappers on TestContext.Out (https://github.com/nunit/nunit.analyzers/tree/master/documentation/NUnit1033.md) [C:\UE_PROJECTS\Sdet-Task\Sdet-Task.csproj]
C:\UE_PROJECTS\Sdet-Task\UnitTest1.cs(198,21): warning NUnit1033: The Write methods are wrappers on TestContext.Out (https://github.com/nunit/nunit.analyzers/tree/master/documentation/NUnit1033.md) [C:\UE_PROJECTS\Sdet-Task\Sdet-Task.csproj]
C:\UE_PROJECTS\Sdet-Task\UnitTest1.cs(202,17): warning NUnit1033: The Write methods are wrappers on TestContext.Out (https://github.com/nunit/nunit.analyzers/tree/master/documentation/NUnit1033.md) [C:\UE_PROJECTS\Sdet-Task\Sdet-Task.csproj]
C:\UE_PROJECTS\Sdet-Task\UnitTest1.cs(209,25): warning NUnit1033: The Write methods are wrappers on TestContext.Out (https://github.com/nunit/nunit.analyzers/tree/master/documentation/NUnit1033.md) [C:\UE_PROJECTS\Sdet-Task\Sdet-Task.csproj]
C:\UE_PROJECTS\Sdet-Task\UnitTest1.cs(214,17): warning NUnit1033: The Write methods are wrappers on TestContext.Out (https://github.com/nunit/nunit.analyzers/tree/master/documentation/NUnit1033.md) [C:\UE_PROJECTS\Sdet-Task\Sdet-Task.csproj]
C:\UE_PROJECTS\Sdet-Task\UnitTest1.cs(218,17): warning NUnit1033: The Write methods are wrappers on TestContext.Out (https://github.com/nunit/nunit.analyzers/tree/master/documentation/NUnit1033.md) [C:\UE_PROJECTS\Sdet-Task\Sdet-Task.csproj]
C:\UE_PROJECTS\Sdet-Task\UnitTest1.cs(279,9): warning NUnit1033: The Write methods are wrappers on TestContext.Out (https://github.com/nunit/nunit.analyzers/tree/master/documentation/NUnit1033.md) [C:\UE_PROJECTS\Sdet-Task\Sdet-Task.csproj]
C:\UE_PROJECTS\Sdet-Task\UnitTest1.cs(283,9): warning NUnit1033: The Write methods are wrappers on TestContext.Out (https://github.com/nunit/nunit.analyzers/tree/master/documentation/NUnit1033.md) [C:\UE_PROJECTS\Sdet-Task\Sdet-Task.csproj]
C:\UE_PROJECTS\Sdet-Task\UnitTest1.cs(287,13): warning NUnit1033: The Write methods are wrappers on TestContext.Out (https://github.com/nunit/nunit.analyzers/tree/master/documentation/NUnit1033.md) [C:\UE_PROJECTS\Sdet-Task\Sdet-Task.csproj]
C:\UE_PROJECTS\Sdet-Task\UnitTest1.cs(291,13): warning NUnit1033: The Write methods are wrappers on TestContext.Out (https://github.com/nunit/nunit.analyzers/tree/master/documentation/NUnit1033.md) [C:\UE_PROJECTS\Sdet-Task\Sdet-Task.csproj]
C:\UE_PROJECTS\Sdet-Task\UnitTest1.cs(296,9): warning NUnit1033: The Write methods are wrappers on TestContext.Out (https://github.com/nunit/nunit.analyzers/tree/master/documentation/NUnit1033.md) [C:\UE_PROJECTS\Sdet-Task\Sdet-Task.csproj]
C:\UE_PROJECTS\Sdet-Task\UnitTest1.cs(316,21): warning NUnit1033: The Write methods are wrappers on TestContext.Out (https://github.com/nunit/nunit.analyzers/tree/master/documentation/NUnit1033.md) [C:\UE_PROJECTS\Sdet-Task\Sdet-Task.csproj]
C:\UE_PROJECTS\Sdet-Task\UnitTest1.cs(334,17): warning NUnit1033: The Write methods are wrappers on TestContext.Out (https://github.com/nunit/nunit.analyzers/tree/master/documentation/NUnit1033.md) [C:\UE_PROJECTS\Sdet-Task\Sdet-Task.csproj]
C:\UE_PROJECTS\Sdet-Task\UnitTest1.cs(339,17): warning NUnit1033: The Write methods are wrappers on TestContext.Out (https://github.com/nunit/nunit.analyzers/tree/master/documentation/NUnit1033.md) [C:\UE_PROJECTS\Sdet-Task\Sdet-Task.csproj]
C:\UE_PROJECTS\Sdet-Task\UnitTest1.cs(343,21): warning NUnit1033: The Write methods are wrappers on TestContext.Out (https://github.com/nunit/nunit.analyzers/tree/master/documentation/NUnit1033.md) [C:\UE_PROJECTS\Sdet-Task\Sdet-Task.csproj]
C:\UE_PROJECTS\Sdet-Task\UnitTest1.cs(351,9): warning NUnit1033: The Write methods are wrappers on TestContext.Out (https://github.com/nunit/nunit.analyzers/tree/master/documentation/NUnit1033.md) [C:\UE_PROJECTS\Sdet-Task\Sdet-Task.csproj]
C:\UE_PROJECTS\Sdet-Task\UnitTest1.cs(371,9): warning NUnit1033: The Write methods are wrappers on TestContext.Out (https://github.com/nunit/nunit.analyzers/tree/master/documentation/NUnit1033.md) [C:\UE_PROJECTS\Sdet-Task\Sdet-Task.csproj]
C:\UE_PROJECTS\Sdet-Task\UnitTest1.cs(378,9): warning NUnit1033: The Write methods are wrappers on TestContext.Out (https://github.com/nunit/nunit.analyzers/tree/master/documentation/NUnit1033.md) [C:\UE_PROJECTS\Sdet-Task\Sdet-Task.csproj]
C:\UE_PROJECTS\Sdet-Task\UnitTest1.cs(381,9): warning NUnit1033: The Write methods are wrappers on TestContext.Out (https://github.com/nunit/nunit.analyzers/tree/master/documentation/NUnit1033.md) [C:\UE_PROJECTS\Sdet-Task\Sdet-Task.csproj]
C:\UE_PROJECTS\Sdet-Task\UnitTest1.cs(395,9): warning NUnit1033: The Write methods are wrappers on TestContext.Out (https://github.com/nunit/nunit.analyzers/tree/master/documentation/NUnit1033.md) [C:\UE_PROJECTS\Sdet-Task\Sdet-Task.csproj]
C:\UE_PROJECTS\Sdet-Task\UnitTest1.cs(398,13): warning NUnit1033: The Write methods are wrappers on TestContext.Out (https://github.com/nunit/nunit.analyzers/tree/master/documentation/NUnit1033.md) [C:\UE_PROJECTS\Sdet-Task\Sdet-Task.csproj]
C:\UE_PROJECTS\Sdet-Task\UnitTest1.cs(417,9): warning NUnit1033: The Write methods are wrappers on TestContext.Out (https://github.com/nunit/nunit.analyzers/tree/master/documentation/NUnit1033.md) [C:\UE_PROJECTS\Sdet-Task\Sdet-Task.csproj]
C:\UE_PROJECTS\Sdet-Task\UnitTest1.cs(422,9): warning NUnit1033: The Write methods are wrappers on TestContext.Out (https://github.com/nunit/nunit.analyzers/tree/master/documentation/NUnit1033.md) [C:\UE_PROJECTS\Sdet-Task\Sdet-Task.csproj]
C:\UE_PROJECTS\Sdet-Task\UnitTest1.cs(442,13): warning NUnit1033: The Write methods are wrappers on TestContext.Out (https://github.com/nunit/nunit.analyzers/tree/master/documentation/NUnit1033.md) [C:\UE_PROJECTS\Sdet-Task\Sdet-Task.csproj]
C:\UE_PROJECTS\Sdet-Task\UnitTest1.cs(445,9): warning NUnit1033: The Write methods are wrappers on TestContext.Out (https://github.com/nunit/nunit.analyzers/tree/master/documentation/NUnit1033.md) [C:\UE_PROJECTS\Sdet-Task\Sdet-Task.csproj]
C:\UE_PROJECTS\Sdet-Task\UnitTest1.cs(452,13): warning NUnit1033: The Write methods are wrappers on TestContext.Out (https://github.com/nunit/nunit.analyzers/tree/master/documentation/NUnit1033.md) [C:\UE_PROJECTS\Sdet-Task\Sdet-Task.csproj]
C:\UE_PROJECTS\Sdet-Task\UnitTest1.cs(516,9): warning NUnit1033: The Write methods are wrappers on TestContext.Out (https://github.com/nunit/nunit.analyzers/tree/master/documentation/NUnit1033.md) [C:\UE_PROJECTS\Sdet-Task\Sdet-Task.csproj]
C:\UE_PROJECTS\Sdet-Task\UnitTest1.cs(533,13): warning NUnit1033: The Write methods are wrappers on TestContext.Out (https://github.com/nunit/nunit.analyzers/tree/master/documentation/NUnit1033.md) [C:\UE_PROJECTS\Sdet-Task\Sdet-Task.csproj]
C:\UE_PROJECTS\Sdet-Task\UnitTest1.cs(546,9): warning NUnit1033: The Write methods are wrappers on TestContext.Out (https://github.com/nunit/nunit.analyzers/tree/master/documentation/NUnit1033.md) [C:\UE_PROJECTS\Sdet-Task\Sdet-Task.csproj]
C:\UE_PROJECTS\Sdet-Task\UnitTest1.cs(566,9): warning NUnit1033: The Write methods are wrappers on TestContext.Out (https://github.com/nunit/nunit.analyzers/tree/master/documentation/NUnit1033.md) [C:\UE_PROJECTS\Sdet-Task\Sdet-Task.csproj]
C:\UE_PROJECTS\Sdet-Task\UnitTest1.cs(574,9): warning NUnit1033: The Write methods are wrappers on TestContext.Out (https://github.com/nunit/nunit.analyzers/tree/master/documentation/NUnit1033.md) [C:\UE_PROJECTS\Sdet-Task\Sdet-Task.csproj]

Build FAILED.

C:\UE_PROJECTS\Sdet-Task\UnitTest1.cs(30,9): warning NUnit1033: The Write methods are wrappers on TestContext.Out (https://github.com/nunit/nunit.analyzers/tree/master/documentation/NUnit1033.md) [C:\UE_PROJECTS\Sdet-Task\Sdet-Task.csproj]
C:\UE_PROJECTS\Sdet-Task\UnitTest1.cs(42,9): warning NUnit1033: The Write methods are wrappers on TestContext.Out (https://github.com/nunit/nunit.analyzers/tree/master/documentation/NUnit1033.md) [C:\UE_PROJECTS\Sdet-Task\Sdet-Task.csproj]
C:\UE_PROJECTS\Sdet-Task\UnitTest1.cs(48,9): warning NUnit1033: The Write methods are wrappers on TestContext.Out (https://github.com/nunit/nunit.analyzers/tree/master/documentation/NUnit1033.md) [C:\UE_PROJECTS\Sdet-Task\Sdet-Task.csproj]
C:\UE_PROJECTS\Sdet-Task\UnitTest1.cs(52,9): warning NUnit1033: The Write methods are wrappers on TestContext.Out (https://github.com/nunit/nunit.analyzers/tree/master/documentation/NUnit1033.md) [C:\UE_PROJECTS\Sdet-Task\Sdet-Task.csproj]
C:\UE_PROJECTS\Sdet-Task\UnitTest1.cs(23,9): warning NUnit1033: The Write methods are wrappers on TestContext.Out (https://github.com/nunit/nunit.analyzers/tree/master/documentation/NUnit1033.md) [C:\UE_PROJECTS\Sdet-Task\Sdet-Task.csproj]
C:\UE_PROJECTS\Sdet-Task\UnitTest1.cs(66,9): warning NUnit1033: The Write methods are wrappers on TestContext.Out (https://github.com/nunit/nunit.analyzers/tree/master/documentation/NUnit1033.md) [C:\UE_PROJECTS\Sdet-Task\Sdet-Task.csproj]
C:\UE_PROJECTS\Sdet-Task\UnitTest1.cs(72,9): warning NUnit1033: The Write methods are wrappers on TestContext.Out (https://github.com/nunit/nunit.analyzers/tree/master/documentation/NUnit1033.md) [C:\UE_PROJECTS\Sdet-Task\Sdet-Task.csproj]
C:\UE_PROJECTS\Sdet-Task\UnitTest1.cs(77,9): warning NUnit1033: The Write methods are wrappers on TestContext.Out (https://github.com/nunit/nunit.analyzers/tree/master/documentation/NUnit1033.md) [C:\UE_PROJECTS\Sdet-Task\Sdet-Task.csproj]
C:\UE_PROJECTS\Sdet-Task\UnitTest1.cs(91,9): warning NUnit1033: The Write methods are wrappers on TestContext.Out (https://github.com/nunit/nunit.analyzers/tree/master/documentation/NUnit1033.md) [C:\UE_PROJECTS\Sdet-Task\Sdet-Task.csproj]
C:\UE_PROJECTS\Sdet-Task\UnitTest1.cs(101,9): warning NUnit1033: The Write methods are wrappers on TestContext.Out (https://github.com/nunit/nunit.analyzers/tree/master/documentation/NUnit1033.md) [C:\UE_PROJECTS\Sdet-Task\Sdet-Task.csproj]
C:\UE_PROJECTS\Sdet-Task\UnitTest1.cs(106,9): warning NUnit1033: The Write methods are wrappers on TestContext.Out (https://github.com/nunit/nunit.analyzers/tree/master/documentation/NUnit1033.md) [C:\UE_PROJECTS\Sdet-Task\Sdet-Task.csproj]
C:\UE_PROJECTS\Sdet-Task\UnitTest1.cs(111,9): warning NUnit1033: The Write methods are wrappers on TestContext.Out (https://github.com/nunit/nunit.analyzers/tree/master/documentation/NUnit1033.md) [C:\UE_PROJECTS\Sdet-Task\Sdet-Task.csproj]
C:\UE_PROJECTS\Sdet-Task\UnitTest1.cs(120,9): warning NUnit1033: The Write methods are wrappers on TestContext.Out (https://github.com/nunit/nunit.analyzers/tree/master/documentation/NUnit1033.md) [C:\UE_PROJECTS\Sdet-Task\Sdet-Task.csproj]
C:\UE_PROJECTS\Sdet-Task\UnitTest1.cs(135,9): warning NUnit1033: The Write methods are wrappers on TestContext.Out (https://github.com/nunit/nunit.analyzers/tree/master/documentation/NUnit1033.md) [C:\UE_PROJECTS\Sdet-Task\Sdet-Task.csproj]
C:\UE_PROJECTS\Sdet-Task\UnitTest1.cs(142,9): warning NUnit1033: The Write methods are wrappers on TestContext.Out (https://github.com/nunit/nunit.analyzers/tree/master/documentation/NUnit1033.md) [C:\UE_PROJECTS\Sdet-Task\Sdet-Task.csproj]
C:\UE_PROJECTS\Sdet-Task\UnitTest1.cs(147,9): warning NUnit1033: The Write methods are wrappers on TestContext.Out (https://github.com/nunit/nunit.analyzers/tree/master/documentation/NUnit1033.md) [C:\UE_PROJECTS\Sdet-Task\Sdet-Task.csproj]
C:\UE_PROJECTS\Sdet-Task\UnitTest1.cs(160,9): warning NUnit1033: The Write methods are wrappers on TestContext.Out (https://github.com/nunit/nunit.analyzers/tree/master/documentation/NUnit1033.md) [C:\UE_PROJECTS\Sdet-Task\Sdet-Task.csproj]
C:\UE_PROJECTS\Sdet-Task\UnitTest1.cs(166,9): warning NUnit1033: The Write methods are wrappers on TestContext.Out (https://github.com/nunit/nunit.analyzers/tree/master/documentation/NUnit1033.md) [C:\UE_PROJECTS\Sdet-Task\Sdet-Task.csproj]
C:\UE_PROJECTS\Sdet-Task\UnitTest1.cs(172,9): warning NUnit1033: The Write methods are wrappers on TestContext.Out (https://github.com/nunit/nunit.analyzers/tree/master/documentation/NUnit1033.md) [C:\UE_PROJECTS\Sdet-Task\Sdet-Task.csproj]
C:\UE_PROJECTS\Sdet-Task\UnitTest1.cs(177,9): warning NUnit1033: The Write methods are wrappers on TestContext.Out (https://github.com/nunit/nunit.analyzers/tree/master/documentation/NUnit1033.md) [C:\UE_PROJECTS\Sdet-Task\Sdet-Task.csproj]
C:\UE_PROJECTS\Sdet-Task\UnitTest1.cs(182,13): warning NUnit1033: The Write methods are wrappers on TestContext.Out (https://github.com/nunit/nunit.analyzers/tree/master/documentation/NUnit1033.md) [C:\UE_PROJECTS\Sdet-Task\Sdet-Task.csproj]
C:\UE_PROJECTS\Sdet-Task\UnitTest1.cs(190,21): warning NUnit1033: The Write methods are wrappers on TestContext.Out (https://github.com/nunit/nunit.analyzers/tree/master/documentation/NUnit1033.md) [C:\UE_PROJECTS\Sdet-Task\Sdet-Task.csproj]
C:\UE_PROJECTS\Sdet-Task\UnitTest1.cs(198,21): warning NUnit1033: The Write methods are wrappers on TestContext.Out (https://github.com/nunit/nunit.analyzers/tree/master/documentation/NUnit1033.md) [C:\UE_PROJECTS\Sdet-Task\Sdet-Task.csproj]
C:\UE_PROJECTS\Sdet-Task\UnitTest1.cs(202,17): warning NUnit1033: The Write methods are wrappers on TestContext.Out (https://github.com/nunit/nunit.analyzers/tree/master/documentation/NUnit1033.md) [C:\UE_PROJECTS\Sdet-Task\Sdet-Task.csproj]
C:\UE_PROJECTS\Sdet-Task\UnitTest1.cs(209,25): warning NUnit1033: The Write methods are wrappers on TestContext.Out (https://github.com/nunit/nunit.analyzers/tree/master/documentation/NUnit1033.md) [C:\UE_PROJECTS\Sdet-Task\Sdet-Task.csproj]
C:\UE_PROJECTS\Sdet-Task\UnitTest1.cs(214,17): warning NUnit1033: The Write methods are wrappers on TestContext.Out (https://github.com/nunit/nunit.analyzers/tree/master/documentation/NUnit1033.md) [C:\UE_PROJECTS\Sdet-Task\Sdet-Task.csproj]
C:\UE_PROJECTS\Sdet-Task\UnitTest1.cs(218,17): warning NUnit1033: The Write methods are wrappers on TestContext.Out (https://github.com/nunit/nunit.analyzers/tree/master/documentation/NUnit1033.md) [C:\UE_PROJECTS\Sdet-Task\Sdet-Task.csproj]
C:\UE_PROJECTS\Sdet-Task\UnitTest1.cs(279,9): warning NUnit1033: The Write methods are wrappers on TestContext.Out (https://github.com/nunit/nunit.analyzers/tree/master/documentation/NUnit1033.md) [C:\UE_PROJECTS\Sdet-Task\Sdet-Task.csproj]
C:\UE_PROJECTS\Sdet-Task\UnitTest1.cs(283,9): warning NUnit1033: The Write methods are wrappers on TestContext.Out (https://github.com/nunit/nunit.analyzers/tree/master/documentation/NUnit1033.md) [C:\UE_PROJECTS\Sdet-Task\Sdet-Task.csproj]
C:\UE_PROJECTS\Sdet-Task\UnitTest1.cs(287,13): warning NUnit1033: The Write methods are wrappers on TestContext.Out (https://github.com/nunit/nunit.analyzers/tree/master/documentation/NUnit1033.md) [C:\UE_PROJECTS\Sdet-Task\Sdet-Task.csproj]
C:\UE_PROJECTS\Sdet-Task\UnitTest1.cs(291,13): warning NUnit1033: The Write methods are wrappers on TestContext.Out (https://github.com/nunit/nunit.analyzers/tree/master/documentation/NUnit1033.md) [C:\UE_PROJECTS\Sdet-Task\Sdet-Task.csproj]
C:\UE_PROJECTS\Sdet-Task\UnitTest1.cs(296,9): warning NUnit1033: The Write methods are wrappers on TestContext.Out (https://github.com/nunit/nunit.analyzers/tree/master/documentation/NUnit1033.md) [C:\UE_PROJECTS\Sdet-Task\Sdet-Task.csproj]
C:\UE_PROJECTS\Sdet-Task\UnitTest1.cs(316,21): warning NUnit1033: The Write methods are wrappers on TestContext.Out (https://github.com/nunit/nunit.analyzers/tree/master/documentation/NUnit1033.md) [C:\UE_PROJECTS\Sdet-Task\Sdet-Task.csproj]
C:\UE_PROJECTS\Sdet-Task\UnitTest1.cs(334,17): warning NUnit1033: The Write methods are wrappers on TestContext.Out (https://github.com/nunit/nunit.analyzers/tree/master/documentation/NUnit1033.md) [C:\UE_PROJECTS\Sdet-Task\Sdet-Task.csproj]
C:\UE_PROJECTS\Sdet-Task\UnitTest1.cs(339,17): warning NUnit1033: The Write methods are wrappers on TestContext.Out (https://github.com/nunit/nunit.analyzers/tree/master/documentation/NUnit1033.md) [C:\UE_PROJECTS\Sdet-Task\Sdet-Task.csproj]
C:\UE_PROJECTS\Sdet-Task\UnitTest1.cs(343,21): warning NUnit1033: The Write methods are wrappers on TestContext.Out (https://github.com/nunit/nunit.analyzers/tree/master/documentation/NUnit1033.md) [C:\UE_PROJECTS\Sdet-Task\Sdet-Task.csproj]
C:\UE_PROJECTS\Sdet-Task\UnitTest1.cs(351,9): warning NUnit1033: The Write methods are wrappers on TestContext.Out (https://github.com/nunit/nunit.analyzers/tree/master/documentation/NUnit1033.md) [C:\UE_PROJECTS\Sdet-Task\Sdet-Task.csproj]
C:\UE_PROJECTS\Sdet-Task\UnitTest1.cs(371,9): warning NUnit1033: The Write methods are wrappers on TestContext.Out (https://github.com/nunit/nunit.analyzers/tree/master/documentation/NUnit1033.md) [C:\UE_PROJECTS\Sdet-Task\Sdet-Task.csproj]
C:\UE_PROJECTS\Sdet-Task\UnitTest1.cs(378,9): warning NUnit1033: The Write methods are wrappers on TestContext.Out (https://github.com/nunit/nunit.analyzers/tree/master/documentation/NUnit1033.md) [C:\UE_PROJECTS\Sdet-Task\Sdet-Task.csproj]
C:\UE_PROJECTS\Sdet-Task\UnitTest1.cs(381,9): warning NUnit1033: The Write methods are wrappers on TestContext.Out (https://github.com/nunit/nunit.analyzers/tree/master/documentation/NUnit1033.md) [C:\UE_PROJECTS\Sdet-Task\Sdet-Task.csproj]
C:\UE_PROJECTS\Sdet-Task\UnitTest1.cs(395,9): warning NUnit1033: The Write methods are wrappers on TestContext.Out (https://github.com/nunit/nunit.analyzers/tree/master/documentation/NUnit1033.md) [C:\UE_PROJECTS\Sdet-Task\Sdet-Task.csproj]
C:\UE_PROJECTS\Sdet-Task\UnitTest1.cs(398,13): warning NUnit1033: The Write methods are wrappers on TestContext.Out (https://github.com/nunit/nunit.analyzers/tree/master/documentation/NUnit1033.md) [C:\UE_PROJECTS\Sdet-Task\Sdet-Task.csproj]
C:\UE_PROJECTS\Sdet-Task\UnitTest1.cs(417,9): warning NUnit1033: The Write methods are wrappers on TestContext.Out (https://github.com/nunit/nunit.analyzers/tree/master/documentation/NUnit1033.md) [C:\UE_PROJECTS\Sdet-Task\Sdet-Task.csproj]
C:\UE_PROJECTS\Sdet-Task\UnitTest1.cs(422,9): warning NUnit1033: The Write methods are wrappers on TestContext.Out (https://github.com/nunit/nunit.analyzers/tree/master/documentation/NUnit1033.md) [C:\UE_PROJECTS\Sdet-Task\Sdet-Task.csproj]
C:\UE_PROJECTS\Sdet-Task\UnitTest1.cs(442,13): warning NUnit1033: The Write methods are wrappers on TestContext.Out (https://github.com/nunit/nunit.analyzers/tree/master/documentation/NUnit1033.md) [C:\UE_PROJECTS\Sdet-Task\Sdet-Task.csproj]
C:\UE_PROJECTS\Sdet-Task\UnitTest1.cs(445,9): warning NUnit1033: The Write methods are wrappers on TestContext.Out (https://github.com/nunit/nunit.analyzers/tree/master/documentation/NUnit1033.md) [C:\UE_PROJECTS\Sdet-Task\Sdet-Task.csproj]
C:\UE_PROJECTS\Sdet-Task\UnitTest1.cs(452,13): warning NUnit1033: The Write methods are wrappers on TestContext.Out (https://github.com/nunit/nunit.analyzers/tree/master/documentation/NUnit1033.md) [C:\UE_PROJECTS\Sdet-Task\Sdet-Task.csproj]
C:\UE_PROJECTS\Sdet-Task\UnitTest1.cs(516,9): warning NUnit1033: The Write methods are wrappers on TestContext.Out (https://github.com/nunit/nunit.analyzers/tree/master/documentation/NUnit1033.md) [C:\UE_PROJECTS\Sdet-Task\Sdet-Task.csproj]
C:\UE_PROJECTS\Sdet-Task\UnitTest1.cs(533,13): warning NUnit1033: The Write methods are wrappers on TestContext.Out (https://github.com/nunit/nunit.analyzers/tree/master/documentation/NUnit1033.md) [C:\UE_PROJECTS\Sdet-Task\Sdet-Task.csproj]
C:\UE_PROJECTS\Sdet-Task\UnitTest1.cs(546,9): warning NUnit1033: The Write methods are wrappers on TestContext.Out (https://github.com/nunit/nunit.analyzers/tree/master/documentation/NUnit1033.md) [C:\UE_PROJECTS\Sdet-Task\Sdet-Task.csproj]
C:\UE_PROJECTS\Sdet-Task\UnitTest1.cs(566,9): warning NUnit1033: The Write methods are wrappers on TestContext.Out (https://github.com/nunit/nunit.analyzers/tree/master/documentation/NUnit1033.md) [C:\UE_PROJECTS\Sdet-Task\Sdet-Task.csproj]
C:\UE_PROJECTS\Sdet-Task\UnitTest1.cs(574,9): warning NUnit1033: The Write methods are wrappers on TestContext.Out (https://github.com/nunit/nunit.analyzers/tree/master/documentation/NUnit1033.md) [C:\UE_PROJECTS\Sdet-Task\Sdet-Task.csproj]
C:\UE_PROJECTS\Sdet-Task\UnitTest1.cs(506,32): error CS1061: 'AltObject' does not contain a definition for 'worldPosition' and no accessible extension method 'worldPosition' accepting a first argument of type 'AltObject' could be found (are you missing a using directive or an assembly reference?) [C:\UE_PROJECTS\Sdet-Task\Sdet-Task.csproj]
C:\UE_PROJECTS\Sdet-Task\UnitTest1.cs(507,32): error CS1061: 'AltObject' does not contain a definition for 'worldPosition' and no accessible extension method 'worldPosition' accepting a first argument of type 'AltObject' could be found (are you missing a using directive or an assembly reference?) [C:\UE_PROJECTS\Sdet-Task\Sdet-Task.csproj]
C:\UE_PROJECTS\Sdet-Task\UnitTest1.cs(526,20): error CS1061: 'AltObject' does not contain a definition for 'CallMethod' and no accessible extension method 'CallMethod' accepting a first argument of type 'AltObject' could be found (are you missing a using directive or an assembly reference?) [C:\UE_PROJECTS\Sdet-Task\Sdet-Task.csproj]
C:\UE_PROJECTS\Sdet-Task\UnitTest1.cs(566,75): error CS1061: 'AltObject' does not contain a definition for 'worldPosition' and no accessible extension method 'worldPosition' accepting a first argument of type 'AltObject' could be found (are you missing a using directive or an assembly reference?) [C:\UE_PROJECTS\Sdet-Task\Sdet-Task.csproj]
    52 Warning(s)
    4 Error(s)

Time Elapsed 00:00:00.91
